src/app/dashboard/keywords/[projectId]/workflows/[workflowId]/page.tsx(20,8): error TS2307: Cannot find module '@/features/keywords/services/keywords.service' or its corresponding type declarations.
src/app/dashboard/keywords/[projectId]/workflows/[workflowId]/page.tsx(21,64): error TS2307: Cannot find module '@/features/keywords/components/artifact-payload-view' or its corresponding type declarations.
src/app/dashboard/keywords/[projectId]/workflows/[workflowId]/page.tsx(22,34): error TS2307: Cannot find module '@/features/keywords/components/collapsible-panel' or its corresponding type declarations.
src/app/dashboard/keywords/[projectId]/workflows/[workflowId]/page.tsx(23,38): error TS2307: Cannot find module '@/features/keywords/components/workflow-artifact-form' or its corresponding type declarations.
src/app/dashboard/keywords/[projectId]/workflows/[workflowId]/page.tsx(24,60): error TS2307: Cannot find module '@/features/keywords/components/workflow-shell-layout' or its corresponding type declarations.
src/app/dashboard/keywords/[projectId]/workflows/[workflowId]/page.tsx(25,36): error TS2307: Cannot find module '@/features/keywords/components/generate-step-button' or its corresponding type declarations.
src/app/dashboard/keywords/[projectId]/workflows/[workflowId]/page.tsx(26,40): error TS2307: Cannot find module '@/features/keywords/components/content-piece-status-card' or its corresponding type declarations.
src/app/dashboard/keywords/[projectId]/workflows/[workflowId]/page.tsx(27,56): error TS2307: Cannot find module '@/features/keywords/components/keyword-ledger-table' or its corresponding type declarations.
src/app/dashboard/keywords/[projectId]/workflows/[workflowId]/page.tsx(28,32): error TS2307: Cannot find module '@/features/keywords/components/topical-map-view' or its corresponding type declarations.
src/app/dashboard/keywords/[projectId]/workflows/[workflowId]/page.tsx(29,31): error TS2307: Cannot find module '@/features/keywords/components/method03-table' or its corresponding type declarations.
src/app/dashboard/keywords/[projectId]/workflows/[workflowId]/page.tsx(30,36): error TS2307: Cannot find module '@/features/keywords/components/serp-candidates-view' or its corresponding type declarations.
src/app/dashboard/keywords/[projectId]/workflows/[workflowId]/page.tsx(31,39): error TS2307: Cannot find module '@/features/keywords/components/competitor-metrics-view' or its corresponding type declarations.
src/app/dashboard/keywords/[projectId]/workflows/[workflowId]/page.tsx(32,44): error TS2307: Cannot find module '@/features/keywords/components/business-profile-key-findings' or its corresponding type declarations.
src/app/dashboard/keywords/[projectId]/workflows/[workflowId]/page.tsx(33,35): error TS2307: Cannot find module '@/features/keywords/components/method01-pages-view' or its corresponding type declarations.
src/app/dashboard/keywords/[projectId]/workflows/[workflowId]/page.tsx(1838,76): error TS7006: Parameter 'artifact' implicitly has an 'any' type.
src/app/dashboard/keywords/[projectId]/workflows/[workflowId]/page.tsx(2033,71): error TS7006: Parameter 'artifact' implicitly has an 'any' type.
src/app/dashboard/keywords/[projectId]/workflows/[workflowId]/page.tsx(2538,71): error TS7006: Parameter 'artifact' implicitly has an 'any' type.
src/app/dashboard/keywords/[projectId]/workflows/[workflowId]/page.tsx(2539,67): error TS7006: Parameter 'artifact' implicitly has an 'any' type.
src/app/dashboard/keywords/[projectId]/workflows/[workflowId]/page.tsx(2603,6): error TS7006: Parameter 'competitor' implicitly has an 'any' type.
src/app/dashboard/keywords/[projectId]/workflows/[workflowId]/page.tsx(2619,14): error TS7006: Parameter 'keyword' implicitly has an 'any' type.
src/app/dashboard/keywords/[projectId]/workflows/[workflowId]/page.tsx(2620,14): error TS7006: Parameter 'keyword' implicitly has an 'any' type.
src/app/dashboard/keywords/[projectId]/workflows/[workflowId]/page.tsx(2621,11): error TS7006: Parameter 'keyword' implicitly has an 'any' type.
src/app/dashboard/keywords/[projectId]/workflows/[workflowId]/page.tsx(2635,43): error TS7006: Parameter 'seedKeyword' implicitly has an 'any' type.
src/app/dashboard/keywords/[projectId]/workflows/[workflowId]/page.tsx(2658,72): error TS7006: Parameter 'keyword' implicitly has an 'any' type.
src/app/dashboard/keywords/[projectId]/workflows/[workflowId]/page.tsx(3338,48): error TS7006: Parameter 'competitor' implicitly has an 'any' type.
src/app/dashboard/keywords/[projectId]/workflows/[workflowId]/page.tsx(3406,48): error TS7006: Parameter 'competitor' implicitly has an 'any' type.
src/app/dashboard/keywords/[projectId]/workflows/[workflowId]/page.tsx(3627,55): error TS7006: Parameter 'competitor' implicitly has an 'any' type.
src/app/dashboard/keywords/[projectId]/workflows/[workflowId]/page.tsx(3748,52): error TS7006: Parameter 'sourceKeyword' implicitly has an 'any' type.
src/app/dashboard/keywords/[projectId]/workflows/[workflowId]/page.tsx(3823,88): error TS7006: Parameter 'c' implicitly has an 'any' type.
src/app/dashboard/keywords/[projectId]/workflows/[workflowId]/page.tsx(3859,51): error TS7006: Parameter 'domain' implicitly has an 'any' type.
src/app/dashboard/keywords/[projectId]/workflows/[workflowId]/page.tsx(3884,55): error TS7006: Parameter 'c' implicitly has an 'any' type.
src/app/dashboard/keywords/[projectId]/workflows/[workflowId]/page.tsx(3884,132): error TS7006: Parameter 'acc' implicitly has an 'any' type.
src/app/dashboard/keywords/[projectId]/workflows/[workflowId]/page.tsx(3884,137): error TS7006: Parameter 'el' implicitly has an 'any' type.
src/app/dashboard/keywords/[projectId]/workflows/[workflowId]/page.tsx(3884,141): error TS7006: Parameter 'i' implicitly has an 'any' type.
src/app/dashboard/keywords/[projectId]/workflows/[workflowId]/page.tsx(4281,44): error TS7006: Parameter 'piece' implicitly has an 'any' type.
src/app/dashboard/keywords/[projectId]/workflows/[workflowId]/page.tsx(4289,41): error TS2339: Property 'parentTopic' does not exist on type '{}'.
src/app/dashboard/keywords/[projectId]/workflows/[workflowId]/page.tsx(4304,48): error TS2339: Property 'keyword' does not exist on type '{}'.
